
> nigerian-apartment-rental@0.1.0 build
> next build

   Γû▓ Next.js 15.5.7
   - Experiments (use with caution):
     ┬╖ optimizePackageImports

   Creating an optimized production build ...
 Γ£ô Compiled successfully in 5.1s
   Linting and checking validity of types ...

./src/app/listing/[id]/page.tsx
87:19  Warning: Using `<img>` could result in slower LCP and higher bandwidth. Consider using `<Image />` from `next/image` or a custom image loader to automatically optimize images. This may incur additional usage or cost from your provider. See: https://nextjs.org/docs/messages/no-img-element  @next/next/no-img-element
104:23  Warning: Using `<img>` could result in slower LCP and higher bandwidth. Consider using `<Image />` from `next/image` or a custom image loader to automatically optimize images. This may incur additional usage or cost from your provider. See: https://nextjs.org/docs/messages/no-img-element  @next/next/no-img-element
241:23  Warning: Using `<img>` could result in slower LCP and higher bandwidth. Consider using `<Image />` from `next/image` or a custom image loader to automatically optimize images. This may incur additional usage or cost from your provider. See: https://nextjs.org/docs/messages/no-img-element  @next/next/no-img-element

./src/app/search/page.tsx
209:29  Warning: Using `<img>` could result in slower LCP and higher bandwidth. Consider using `<Image />` from `next/image` or a custom image loader to automatically optimize images. This may incur additional usage or cost from your provider. See: https://nextjs.org/docs/messages/no-img-element  @next/next/no-img-element

info  - Need to disable some ESLint rules? Learn more here: https://nextjs.org/docs/app/api-reference/config/eslint#disabling-rules
node.exe : Failed to compile.
At line:1 char:1
+ & "node" "C:\Program Files\nodejs/node_modules/npm/bin/npm-cli.js" ru ...
+ ~~~~~~~~~~~~~~~~~~~~~~~~~~~~~~~~~~~~~~~~~~~~~~~~~~~~~~~~~~~~~~~~~~~~~
    + CategoryInfo          : NotSpecified: (Failed to compile.:String) [], RemoteException
    + FullyQualifiedErrorId : NativeCommandError
 

./src/app/admin/messages/page.tsx:33:28
Type error: Parameter 'm' implicitly has an 'any' type.

[0m [90m 31 |[39m
 [90m 32 |[39m   [36mconst[39m selectedMessages [33m=[39m selectedConversation 
[31m[1m>[22m[39m[90m 33 |[39m     [33m?[39m messagesData[33m?[39m[33m.[39mfilter(m 
[33m=>[39m m[33m.[39muserId [33m===[39m selectedConversation) [33m||[39m []
 [90m    |[39m                            [31m[1m^[22m[39m
 [90m 34 |[39m     [33m:[39m []
 [90m 35 |[39m
 [90m 36 |[39m   [36mconst[39m handleSendMessage [33m=[39m () [33m=>[39m {[0m
Next.js build worker exited with code: 1 and signal: null
